// Jest Snapshot v1, https://goo.gl/fbAQLP

exports[`ProjectFeed renders correctly 1`] = `
<div
  className="project-feed"
>
  <div
    className="project-feed__item"
  >
    <div
      className="project-feed__item-meta"
    >
      <h2
        className="project-feed__item-title"
      >
        <a
          className="project-feed__item-title-link"
          href="/test_0"
        >
          test_0
        </a>
      </h2>
      <time
        className="project-feed__item-meta-time"
        dateTime="September 1, 2016"
      >
        September 2016
      </time>
    </div>
    <div
      className="project-feed__item-image"
    >
      <a
        className="project-feed__item-image-link"
        href="/test_0"
      >
        <img
          alt="test_0"
          className="author__photo"
          height="300px"
          src="/test_0"
          width="600px"
        />
        <div
          className="project-feed__item-image-overlay"
        >
          <div
            className="project-feed__item-image-overlay-message"
          >
            Explore
          </div>
        </div>
      </a>
    </div>
  </div>
</div>
`;
